// Jest Snapshot v1, https://goo.gl/fbAQLP

exports[`<Dashboard /> should render the page 1`] = `
<div>
  <div>
    <h2>
      You are not logged in yet!
    </h2>
  </div>
</div>
`;
