// Jest Snapshot v1, https://goo.gl/fbAQLP

exports[`<NotFoundPage /> should render the page 1`] = `
<h1>
  404: Page Not Found
</h1>
`;
