// Jest Snapshot v1, https://goo.gl/fbAQLP

exports[`<Header /> should render the page 1`] = `
<header>
  <h1>
    Simple React Page
  </h1>
</header>
`;
