// Jest Snapshot v1, https://goo.gl/fbAQLP

exports[`<HomePage /> should render the page 1`] = `
<div>
  <h1>
    Welcome!
  </h1>
  Current counter value: 
  <div>
    <button
      onClick={undefined}
    >
      Increment
    </button>
  </div>
  <div>
    <button
      onClick={undefined}
    >
      Decrement
    </button>
  </div>
</div>
`;
